'출력일자 : 2026-06-11'
'출력시간 : 18:33:33'
'페 이 지  : 1/6'
'발급번호 : 77820246232'
'거래내역'
'계좌번호 : 270-26-331598'
'정민준'
'기간 :'
'2026-05-08 ~ 2026-05-31'
'조회구분 : 전체'
'종목코드 :'
'전체'
'거래일'
'종목명'
'단가/환율'
'수수료'
'소득세'
'신용금액'
'미수처리금'
'총변제금'
'상대처'
'거래순번'
'거래구분'
'수량/외화'
'거래세'
'지방소득세'
'신용이자'
'미수연체료'
'처리구분'
'상대계좌번호'
'상품구분'
'적요'
'과표금액'
'농특세'
'정산금액'
'대출일'
'만기일'
'예수금잔고'
'상대계좌명'
'2026-05-08'
'신테카바이오'
'3,005'
'0'
'0'
'0'
'0'
'0'
'1'
'코스닥_매수'
'1'
'0'
'0'
'0'
'0 신한 SOL증권(iPhon'
'위탁(주식)'
'3,005'
'0'
'3,005'
'3,367,445'
'2026-05-08'
'스톤브릿지벤처스'
'6,530'
'0'
'0'
'0'
'0'
'0'
'2'
'코스닥_매수'
'2'
'0'
'0'
'0'
'0 신한 SOL증권(iPhon'
'위탁(주식)'
'13,060'
'0'
'13,060'
'3,354,385'
'2026-05-08'
